== 天地熔炉 · 训练内核安装 ==
工作区：D:\Projects\tiandi\.kernel-ws
内核目录：D:\Projects\tiandi\.kernel-ws\.kernel

[1/6] 使用 Python：C:\Users\花火流光\AppData\Local\Programs/Python/Python312/python.exe
Python 3.12.10

[2/6] 创建虚拟环境…
Requirement already satisfied: pip in d:\projects\tiandi\.kernel-ws\.kernel\venv\lib\site-packages (25.0.1)
Collecting pip
  Downloading pip-26.2.1-py3-none-any.whl.metadata (4.6 kB)
Downloading pip-26.2.1-py3-none-any.whl (1.8 MB)
   ---------------------------------------- 1.8/1.8 MB 2.2 MB/s eta 0:00:00
Installing collected packages: pip
  Attempting uninstall: pip
    Found existing installation: pip 25.0.1
    Uninstalling pip-25.0.1:
      Successfully uninstalled pip-25.0.1
Successfully installed pip-26.2.1

[3/6] 安装 torch/torchvision（https://download.pytorch.org/whl/cu128，约 3GB，请耐心等待）…
Looking in indexes: https://download.pytorch.org/whl/cu128
Collecting torch
  Downloading torch-2.11.0%2Bcu128-cp312-cp312-win_amd64.whl.metadata (29 kB)
Collecting torchvision
  Downloading torchvision-0.26.0%2Bcu128-cp312-cp312-win_amd64.whl.metadata (5.6 kB)
Collecting filelock (from torch)
  Downloading filelock-3.32.3-py3-none-any.whl.metadata (2.0 kB)
Collecting typing-extensions>=4.10.0 (from torch)
  Using cached typing_extensions-4.16.0-py3-none-any.whl.metadata (3.3 kB)
Collecting setuptools<82 (from torch)
  Downloading setuptools-78.1.0-py3-none-any.whl.metadata (6.6 kB)
Collecting sympy>=1.13.3 (from torch)
  Downloading sympy-1.14.0-py3-none-any.whl.metadata (12 kB)
Collecting networkx>=2.5.1 (from torch)
  Downloading networkx-3.6.1-py3-none-any.whl.metadata (6.8 kB)
Collecting jinja2 (from torch)
  Downloading jinja2-3.1.6-py3-none-any.whl.metadata (2.9 kB)
Collecting fsspec>=0.8.5 (from torch)
  Downloading fsspec-2026.7.0-py3-none-any.whl.metadata (10 kB)
